
> CRVJA Tool Suite@1.2 test
> jest tests/arrays.spec.js

  console.log
    c

      at Object.log (tests/arrays.spec.js:12:11)

  console.log
    o

      at Object.log (tests/arrays.spec.js:13:11)

  console.log
    n

      at Object.log (tests/arrays.spec.js:14:11)

  console.error
    line 5:16 extraneous input '(' expecting {<EOF>, 'End', 'Screen', 'Wait', 'Box', 'Circle', 'On', 'Gosub', 'Data', 'Read', 'Goto', 'Bob', 'Clear', 'Key', 'Off', 'Set', 'Rainbow', 'SAM', 'LED', 'Load', 'Sprite', 'Open', 'Close', 'Input', 'Btst', 'Repeat', 'Global', 'Turbo', 'Locate', 'Add', 'Blitter', 'Autoback', 'Palette', 'Double', 'Pen', 'Cls', 'Paper', 'Degree', 'Hide', 'Flash', 'Dim', 'Print', 'Screen Open', 'Curs Off', 'Curs On', 'Ink', 'Text', 'Do', 'For', 'If', 'While', 'Play', 'Procedure', 'Bar', 'Wait Key', IDENTIFIER, ':'}

      665 | 	            this.statement();
      666 | 	            this.state = 225;
    > 667 | 	            this._errHandler.sync(this);
          | 	                             ^
      668 | 	            _la = this._input.LA(1);
      669 | 	        }
      670 | 	        this.state = 226;

      at Lt.delegates [as syntaxError] (node_modules/antlr4/dist/webpack:/antlr4/src/antlr4/error/ProxyErrorListener.js:10:13)
      at dfa (node_modules/antlr4/dist/webpack:/antlr4/src/antlr4/error/ProxyErrorListener.js:22:63)
          at Array.map (<anonymous>)
      at Ot.reportAmbiguity [as syntaxError] (node_modules/antlr4/dist/webpack:/antlr4/src/antlr4/error/ProxyErrorListener.js:22:35)
      at AMOSParser.getInputStream [as notifyErrorListeners] (node_modules/antlr4/dist/webpack:/antlr4/src/antlr4/Parser.js:345:18)
      at Ee.beginErrorCondition (node_modules/antlr4/dist/webpack:/antlr4/src/antlr4/error/DefaultErrorStrategy.js:353:14)
      at Ee.getErrorRecoverySet [as sync] (node_modules/antlr4/dist/webpack:/antlr4/src/antlr4/error/DefaultErrorStrategy.js:236:78)
      at AMOSParser.sync [as program] (src/grammar/generated/AMOSParser.js:667:31)
      at program (tests/helpers/translate.js:27:23)
      at Object.<anonymous> (tests/arrays.spec.js:29:35)

